Archive member included to satisfy reference by file (symbol)

c:/st/stm32cubeide_1.0.2/stm32cubeide/plugins/com.st.stm32cube.ide.mcu.externaltools.gnu-tools-for-stm32.7-2018-q2-update.win32_1.4.0.202007081208/tools/bin/../lib/gcc/arm-none-eabi/7.3.1/../../../../arm-none-eabi/lib/thumb/v7-m\libc_nano.a(lib_a-errno.o)
                              Core/Src/syscalls.o (__errno)
c:/st/stm32cubeide_1.0.2/stm32cubeide/plugins/com.st.stm32cube.ide.mcu.externaltools.gnu-tools-for-stm32.7-2018-q2-update.win32_1.4.0.202007081208/tools/bin/../lib/gcc/arm-none-eabi/7.3.1/../../../../arm-none-eabi/lib/thumb/v7-m\libc_nano.a(lib_a-exit.o)
                              c:/st/stm32cubeide_1.0.2/stm32cubeide/plugins/com.st.stm32cube.ide.mcu.externaltools.gnu-tools-for-stm32.7-2018-q2-update.win32_1.4.0.202007081208/tools/bin/../lib/gcc/arm-none-eabi/7.3.1/../../../../arm-none-eabi/lib/thumb/v7-m/crt0.o (exit)
c:/st/stm32cubeide_1.0.2/stm32cubeide/plugins/com.st.stm32cube.ide.mcu.externaltools.gnu-tools-for-stm32.7-2018-q2-update.win32_1.4.0.202007081208/tools/bin/../lib/gcc/arm-none-eabi/7.3.1/../../../../arm-none-eabi/lib/thumb/v7-m\libc_nano.a(lib_a-impure.o)
                              c:/st/stm32cubeide_1.0.2/stm32cubeide/plugins/com.st.stm32cube.ide.mcu.externaltools.gnu-tools-for-stm32.7-2018-q2-update.win32_1.4.0.202007081208/tools/bin/../lib/gcc/arm-none-eabi/7.3.1/../../../../arm-none-eabi/lib/thumb/v7-m\libc_nano.a(lib_a-exit.o) (_global_impure_ptr)
c:/st/stm32cubeide_1.0.2/stm32cubeide/plugins/com.st.stm32cube.ide.mcu.externaltools.gnu-tools-for-stm32.7-2018-q2-update.win32_1.4.0.202007081208/tools/bin/../lib/gcc/arm-none-eabi/7.3.1/../../../../arm-none-eabi/lib/thumb/v7-m\libc_nano.a(lib_a-init.o)
                              c:/st/stm32cubeide_1.0.2/stm32cubeide/plugins/com.st.stm32cube.ide.mcu.externaltools.gnu-tools-for-stm32.7-2018-q2-update.win32_1.4.0.202007081208/tools/bin/../lib/gcc/arm-none-eabi/7.3.1/../../../../arm-none-eabi/lib/thumb/v7-m/crt0.o (__libc_init_array)
c:/st/stm32cubeide_1.0.2/stm32cubeide/plugins/com.st.stm32cube.ide.mcu.externaltools.gnu-tools-for-stm32.7-2018-q2-update.win32_1.4.0.202007081208/tools/bin/../lib/gcc/arm-none-eabi/7.3.1/../../../../arm-none-eabi/lib/thumb/v7-m\libc_nano.a(lib_a-memset.o)
                              c:/st/stm32cubeide_1.0.2/stm32cubeide/plugins/com.st.stm32cube.ide.mcu.externaltools.gnu-tools-for-stm32.7-2018-q2-update.win32_1.4.0.202007081208/tools/bin/../lib/gcc/arm-none-eabi/7.3.1/../../../../arm-none-eabi/lib/thumb/v7-m/crt0.o (memset)

Allocating common symbols
Common symbol       size              file

hUsbDeviceFS        0x2c4             USB_DEVICE/App/usb_device.o
uwTick              0x4               Drivers/STM32F1xx_HAL_Driver/Src/stm32f1xx_hal.o
pFlash              0x20              Drivers/STM32F1xx_HAL_Driver/Src/stm32f1xx_hal_flash.o
USB_Rx_Buffer       0x40              Core/Src/usbd_midi.o
APP_Rx_Buffer       0x100             Core/Src/usbd_midi.o
hpcd_USB_FS         0x26c             USB_DEVICE/Target/usbd_conf.o
USBD_StrDesc        0x200             USB_DEVICE/App/usbd_desc.o

Discarded input sections

 .text          0x0000000000000000        0x0 c:/st/stm32cubeide_1.0.2/stm32cubeide/plugins/com.st.stm32cube.ide.mcu.externaltools.gnu-tools-for-stm32.7-2018-q2-update.win32_1.4.0.202007081208/tools/bin/../lib/gcc/arm-none-eabi/7.3.1/thumb/v7-m/crti.o
 .data          0x0000000000000000        0x0 c:/st/stm32cubeide_1.0.2/stm32cubeide/plugins/com.st.stm32cube.ide.mcu.externaltools.gnu-tools-for-stm32.7-2018-q2-update.win32_1.4.0.202007081208/tools/bin/../lib/gcc/arm-none-eabi/7.3.1/thumb/v7-m/crti.o
 .bss           0x0000000000000000        0x0 c:/st/stm32cubeide_1.0.2/stm32cubeide/plugins/com.st.stm32cube.ide.mcu.externaltools.gnu-tools-for-stm32.7-2018-q2-update.win32_1.4.0.202007081208/tools/bin/../lib/gcc/arm-none-eabi/7.3.1/thumb/v7-m/crti.o
 .data          0x0000000000000000        0x4 c:/st/stm32cubeide_1.0.2/stm32cubeide/plugins/com.st.stm32cube.ide.mcu.externaltools.gnu-tools-for-stm32.7-2018-q2-update.win32_1.4.0.202007081208/tools/bin/../lib/gcc/arm-none-eabi/7.3.1/thumb/v7-m/crtbegin.o
 .text          0x0000000000000000       0x74 c:/st/stm32cubeide_1.0.2/stm32cubeide/plugins/com.st.stm32cube.ide.mcu.externaltools.gnu-tools-for-stm32.7-2018-q2-update.win32_1.4.0.202007081208/tools/bin/../lib/gcc/arm-none-eabi/7.3.1/../../../../arm-none-eabi/lib/thumb/v7-m/crt0.o
 .data          0x0000000000000000        0x0 c:/st/stm32cubeide_1.0.2/stm32cubeide/plugins/com.st.stm32cube.ide.mcu.externaltools.gnu-tools-for-stm32.7-2018-q2-update.win32_1.4.0.202007081208/tools/bin/../lib/gcc/arm-none-eabi/7.3.1/../../../../arm-none-eabi/lib/thumb/v7-m/crt0.o
[...]
Memory Configuration

Name             Origin             Length             Attributes
RAM              0x0000000020000000 0x0000000000005000 xrw
FLASH            0x0000000008000000 0x0000000000010000 xr
*default*        0x0000000000000000 0xffffffffffffffff

Linker script and memory map

LOAD c:/st/stm32cubeide_1.0.2/stm32cubeide/plugins/com.st.stm32cube.ide.mcu.externaltools.gnu-tools-for-stm32.7-2018-q2-update.win32_1.4.0.202007081208/tools/bin/../lib/gcc/arm-none-eabi/7.3.1/thumb/v7-m/crti.o
LOAD c:/st/stm32cubeide_1.0.2/stm32cubeide/plugins/com.st.stm32cube.ide.mcu.externaltools.gnu-tools-for-stm32.7-2018-q2-update.win32_1.4.0.202007081208/tools/bin/../lib/gcc/arm-none-eabi/7.3.1/thumb/v7-m/crtbegin.o
LOAD c:/st/stm32cubeide_1.0.2/stm32cubeide/plugins/com.st.stm32cube.ide.mcu.externaltools.gnu-tools-for-stm32.7-2018-q2-update.win32_1.4.0.202007081208/tools/bin/../lib/gcc/arm-none-eabi/7.3.1/../../../../arm-none-eabi/lib/thumb/v7-m/crt0.o
LOAD Core/Src/main.o
LOAD Core/Src/stm32f1xx_hal_msp.o
LOAD Core/Src/stm32f1xx_it.o
LOAD Core/Src/syscalls.o
LOAD Core/Src/sysmem.o
LOAD Core/Src/system_stm32f1xx.o
LOAD Core/Src/usbd_midi.o
LOAD Core/Src/usbd_midi_if.o
LOAD Core/Startup/startup_stm32f103c8tx.o
LOAD Drivers/STM32F1xx_HAL_Driver/Src/stm32f1xx_hal.o
LOAD Drivers/STM32F1xx_HAL_Driver/Src/stm32f1xx_hal_cortex.o
LOAD Drivers/STM32F1xx_HAL_Driver/Src/stm32f1xx_hal_dma.o
LOAD Drivers/STM32F1xx_HAL_Driver/Src/stm32f1xx_hal_exti.o
LOAD Drivers/STM32F1xx_HAL_Driver/Src/stm32f1xx_hal_flash.o
LOAD Drivers/STM32F1xx_HAL_Driver/Src/stm32f1xx_hal_flash_ex.o
LOAD Drivers/STM32F1xx_HAL_Driver/Src/stm32f1xx_hal_gpio.o
LOAD Drivers/STM32F1xx_HAL_Driver/Src/stm32f1xx_hal_gpio_ex.o
LOAD Drivers/STM32F1xx_HAL_Driver/Src/stm32f1xx_hal_pcd.o
LOAD Drivers/STM32F1xx_HAL_Driver/Src/stm32f1xx_hal_pcd_ex.o
LOAD Drivers/STM32F1xx_HAL_Driver/Src/stm32f1xx_hal_pwr.o
LOAD Drivers/STM32F1xx_HAL_Driver/Src/stm32f1xx_hal_rcc.o
LOAD Drivers/STM32F1xx_HAL_Driver/Src/stm32f1xx_hal_rcc_ex.o
LOAD Drivers/STM32F1xx_HAL_Driver/Src/stm32f1xx_hal_tim.o
LOAD Drivers/STM32F1xx_HAL_Driver/Src/stm32f1xx_hal_tim_ex.o
LOAD Drivers/STM32F1xx_HAL_Driver/Src/stm32f1xx_ll_usb.o
LOAD Middlewares/ST/STM32_USB_Device_Library/Class/AUDIO/Src/usbd_audio.o
LOAD Middlewares/ST/STM32_USB_Device_Library/Core/Src/usbd_core.o
LOAD Middlewares/ST/STM32_USB_Device_Library/Core/Src/usbd_ctlreq.o
LOAD Middlewares/ST/STM32_USB_Device_Library/Core/Src/usbd_ioreq.o
LOAD USB_DEVICE/App/usb_device.o
LOAD USB_DEVICE/App/usbd_audio_if.o
LOAD USB_DEVICE/App/usbd_desc.o
LOAD USB_DEVICE/Target/usbd_conf.o
START GROUP
LOAD c:/st/stm32cubeide_1.0.2/stm32cubeide/plugins/com.st.stm32cube.ide.mcu.externaltools.gnu-tools-for-stm32.7-2018-q2-update.win32_1.4.0.202007081208/tools/bin/../lib/gcc/arm-none-eabi/7.3.1/../../../../arm-none-eabi/lib/thumb/v7-m\libc_nano.a
LOAD c:/st/stm32cubeide_1.0.2/stm32cubeide/plugins/com.st.stm32cube.ide.mcu.externaltools.gnu-tools-for-stm32.7-2018-q2-update.win32_1.4.0.202007081208/tools/bin/../lib/gcc/arm-none-eabi/7.3.1/../../../../arm-none-eabi/lib/thumb/v7-m\libm.a
END GROUP
START GROUP
LOAD c:/st/stm32cubeide_1.0.2/stm32cubeide/plugins/com.st.stm32cube.ide.mcu.externaltools.gnu-tools-for-stm32.7-2018-q2-update.win32_1.4.0.202007081208/tools/bin/../lib/gcc/arm-none-eabi/7.3.1/thumb/v7-m\libgcc.a
LOAD c:/st/stm32cubeide_1.0.2/stm32cubeide/plugins/com.st.stm32cube.ide.mcu.externaltools.gnu-tools-for-stm32.7-2018-q2-update.win32_1.4.0.202007081208/tools/bin/../lib/gcc/arm-none-eabi/7.3.1/../../../../arm-none-eabi/lib/thumb/v7-m\libc_nano.a
END GROUP
START GROUP
LOAD c:/st/stm32cubeide_1.0.2/stm32cubeide/plugins/com.st.stm32cube.ide.mcu.externaltools.gnu-tools-for-stm32.7-2018-q2-update.win32_1.4.0.202007081208/tools/bin/../lib/gcc/arm-none-eabi/7.3.1/thumb/v7-m\libgcc.a
LOAD c:/st/stm32cubeide_1.0.2/stm32cubeide/plugins/com.st.stm32cube.ide.mcu.externaltools.gnu-tools-for-stm32.7-2018-q2-update.win32_1.4.0.202007081208/tools/bin/../lib/gcc/arm-none-eabi/7.3.1/../../../../arm-none-eabi/lib/thumb/v7-m\libc_nano.a
LOAD c:/st/stm32cubeide_1.0.2/stm32cubeide/plugins/com.st.stm32cube.ide.mcu.externaltools.gnu-tools-for-stm32.7-2018-q2-update.win32_1.4.0.202007081208/tools/bin/../lib/gcc/arm-none-eabi/7.3.1/../../../../arm-none-eabi/lib/thumb/v7-m\libnosys.a
END GROUP
START GROUP
LOAD c:/st/stm32cubeide_1.0.2/stm32cubeide/plugins/com.st.stm32cube.ide.mcu.externaltools.gnu-tools-for-stm32.7-2018-q2-update.win32_1.4.0.202007081208/tools/bin/../lib/gcc/arm-none-eabi/7.3.1/thumb/v7-m\libgcc.a
LOAD c:/st/stm32cubeide_1.0.2/stm32cubeide/plugins/com.st.stm32cube.ide.mcu.externaltools.gnu-tools-for-stm32.7-2018-q2-update.win32_1.4.0.202007081208/tools/bin/../lib/gcc/arm-none-eabi/7.3.1/../../../../arm-none-eabi/lib/thumb/v7-m\libc_nano.a
LOAD c:/st/stm32cubeide_1.0.2/stm32cubeide/plugins/com.st.stm32cube.ide.mcu.externaltools.gnu-tools-for-stm32.7-2018-q2-update.win32_1.4.0.202007081208/tools/bin/../lib/gcc/arm-none-eabi/7.3.1/../../../../arm-none-eabi/lib/thumb/v7-m\libnosys.a
END GROUP
LOAD c:/st/stm32cubeide_1.0.2/stm32cubeide/plugins/com.st.stm32cube.ide.mcu.externaltools.gnu-tools-for-stm32.7-2018-q2-update.win32_1.4.0.202007081208/tools/bin/../lib/gcc/arm-none-eabi/7.3.1/thumb/v7-m/crtend.o
LOAD c:/st/stm32cubeide_1.0.2/stm32cubeide/plugins/com.st.stm32cube.ide.mcu.externaltools.gnu-tools-for-stm32.7-2018-q2-update.win32_1.4.0.202007081208/tools/bin/../lib/gcc/arm-none-eabi/7.3.1/thumb/v7-m/crtn.o
                0x0000000020005000                _estack = (ORIGIN (RAM) + LENGTH (RAM))
                0x0000000000000200                _Min_Heap_Size = 0x200
                0x0000000000000400                _Min_Stack_Size = 0x400

.isr_vector     0x0000000008000000      0x10c
                0x0000000008000000                . = ALIGN (0x4)
 *(.isr_vector)
 .isr_vector    0x0000000008000000      0x10c Core/Startup/startup_stm32f103c8tx.o
                0x0000000008000000                g_pfnVectors
                0x000000000800010c                . = ALIGN (0x4)

.text           0x000000000800010c     0x4adc
                0x000000000800010c                . = ALIGN (0x4)
 *(.text)
 .text          0x000000000800010c       0x40 c:/st/stm32cubeide_1.0.2/stm32cubeide/plugins/com.st.stm32cube.ide.mcu.externaltools.gnu-tools-for-stm32.7-2018-q2-update.win32_1.4.0.202007081208/tools/bin/../lib/gcc/arm-none-eabi/7.3.1/thumb/v7-m/crtbegin.o
 *(.text*)
 .text.main     0x000000000800014c       0x9c Core/Src/main.o
                0x000000000800014c                main
 .text.SystemClock_Config
                0x00000000080001e8       0xb6 Core/Src/main.o
                0x00000000080001e8                SystemClock_Config
 *fill*         0x000000000800029e        0x2 
 .text.MX_GPIO_Init
                0x00000000080002a0       0x44 Core/Src/main.o
 .text.Error_Handler
                0x00000000080002e4        0xc Core/Src/main.o
                0x00000000080002e4                Error_Handler
 .text.HAL_MspInit
                0x00000000080002f0       0x64 Core/Src/stm32f1xx_hal_msp.o
                0x00000000080002f0                HAL_MspInit
 .text.NMI_Handler
                0x0000000008000354        0xc Core/Src/stm32f1xx_it.o
                0x0000000008000354                NMI_Handler
 .text.HardFault_Handler
                0x0000000008000360        0x6 Core/Src/stm32f1xx_it.o
                0x0000000008000360                HardFault_Handler
 .text.MemManage_Handler
                0x0000000008000366        0x6 Core/Src/stm32f1xx_it.o
                0x0000000008000366                MemManage_Handler
 .text.BusFault_Handler
                0x000000000800036c        0x6 Core/Src/stm32f1xx_it.o
                0x000000000800036c                BusFault_Handler
 .text.UsageFault_Handler
                0x0000000008000372        0x6 Core/Src/stm32f1xx_it.o
                0x0000000008000372                UsageFault_Handler
 .text.SVC_Handler
                0x0000000008000378        0xc Core/Src/stm32f1xx_it.o
                0x0000000008000378                SVC_Handler
 .text.DebugMon_Handler
                0x0000000008000384        0xc Core/Src/stm32f1xx_it.o
                0x0000000008000384                DebugMon_Handler
 .text.PendSV_Handler
                0x0000000008000390        0xc Core/Src/stm32f1xx_it.o
                0x0000000008000390                PendSV_Handler
 .text.SysTick_Handler
                0x000000000800039c        0xc Core/Src/stm32f1xx_it.o
                0x000000000800039c                SysTick_Handler
 .text.USB_HP_CAN1_TX_IRQHandler
                0x00000000080003a8       0x14 Core/Src/stm32f1xx_it.o
                0x00000000080003a8                USB_HP_CAN1_TX_IRQHandler
 .text.USB_LP_CAN1_RX0_IRQHandler
                0x00000000080003bc       0x14 Core/Src/stm32f1xx_it.o
                0x00000000080003bc                USB_LP_CAN1_RX0_IRQHandler
 .text.SystemInit
                0x00000000080003d0       0x68 Core/Src/system_stm32f1xx.o
                0x00000000080003d0                SystemInit
 .text.USBD_MIDI_Init
                0x0000000008000438       0x48 Core/Src/usbd_midi.o
 .text.USBD_MIDI_DeInit
                0x0000000008000480       0x30 Core/Src/usbd_midi.o
 .text.USBD_MIDI_DataIn
                0x00000000080004b0       0x2c Core/Src/usbd_midi.o
 .text.USBD_MIDI_DataOut
                0x00000000080004dc       0x50 Core/Src/usbd_midi.o
 .text.USBD_MIDI_GetCfgDesc
                0x000000000800052c       0x20 Core/Src/usbd_midi.o
 .text.USBD_MIDI_RegisterInterface
                0x000000000800054c       0x2c Core/Src/usbd_midi.o
                0x000000000800054c                USBD_MIDI_RegisterInterface
 .text.midi_note_send
                0x0000000008000578       0x80 Core/Src/usbd_midi_if.o
                0x0000000008000578                midi_note_send
 .text.midi_note_on
                0x00000000080005f8       0x26 Core/Src/usbd_midi_if.o
                0x00000000080005f8                midi_note_on
 .text.midi_note_off
                0x000000000800061e       0x26 Core/Src/usbd_midi_if.o
                0x000000000800061e                midi_note_off
 .text.MIDI_DataRx
                0x0000000008000644       0x18 Core/Src/usbd_midi_if.o
 .text.MIDI_DataTx
                0x000000000800065c       0x60 Core/Src/usbd_midi_if.o
 .text.Reset_Handler
                0x00000000080006bc       0x48 Core/Startup/startup_stm32f103c8tx.o
                0x00000000080006bc                Reset_Handler
 .text.Default_Handler
                0x0000000008000704        0x2 Core/Startup/startup_stm32f103c8tx.o
                0x0000000008000704                RTC_Alarm_IRQHandler
                0x0000000008000704                EXTI2_IRQHandler
                0x0000000008000704                TIM1_CC_IRQHandler
                0x0000000008000704                PVD_IRQHandler
                0x0000000008000704                EXTI3_IRQHandler
                0x0000000008000704                EXTI0_IRQHandler
                0x0000000008000704                I2C2_EV_IRQHandler
                0x0000000008000704                ADC1_2_IRQHandler
                0x0000000008000704                SPI1_IRQHandler
                0x0000000008000704                TAMPER_IRQHandler
                0x0000000008000704                DMA1_Channel4_IRQHandler
                0x0000000008000704                USART3_IRQHandler
                0x0000000008000704                RTC_IRQHandler
                0x0000000008000704                DMA1_Channel7_IRQHandler
                0x0000000008000704                CAN1_RX1_IRQHandler
                0x0000000008000704                TIM4_IRQHandler
                0x0000000008000704                I2C1_EV_IRQHandler
                0x0000000008000704                DMA1_Channel6_IRQHandler
                0x0000000008000704                TIM3_IRQHandler
                0x0000000008000704                RCC_IRQHandler
                0x0000000008000704                TIM1_TRG_COM_IRQHandler
                0x0000000008000704                DMA1_Channel1_IRQHandler
                0x0000000008000704                Default_Handler
                0x0000000008000704                EXTI15_10_IRQHandler
                0x0000000008000704                EXTI9_5_IRQHandler
                0x0000000008000704                SPI2_IRQHandler
                0x0000000008000704                DMA1_Channel5_IRQHandler
                0x0000000008000704                EXTI4_IRQHandler
                0x0000000008000704                DMA1_Channel3_IRQHandler
                0x0000000008000704                TIM1_UP_IRQHandler
                0x0000000008000704                WWDG_IRQHandler
                0x0000000008000704                TIM2_IRQHandler
                0x0000000008000704                TIM1_BRK_IRQHandler
                0x0000000008000704                EXTI1_IRQHandler
                0x0000000008000704                USART2_IRQHandler
                0x0000000008000704                I2C2_ER_IRQHandler
                0x0000000008000704                DMA1_Channel2_IRQHandler
                0x0000000008000704                CAN1_SCE_IRQHandler
                0x0000000008000704                FLASH_IRQHandler
                0x0000000008000704                USART1_IRQHandler
                0x0000000008000704                I2C1_ER_IRQHandler
                0x0000000008000704                USBWakeUp_IRQHandler
 *fill*         0x0000000008000706        0x2 
 .text.HAL_Init
                0x0000000008000708       0x2c Drivers/STM32F1xx_HAL_Driver/Src/stm32f1xx_hal.o
                0x0000000008000708                HAL_Init
 .text.HAL_InitTick
                0x0000000008000734       0x60 Drivers/STM32F1xx_HAL_Driver/Src/stm32f1xx_hal.o
                0x0000000008000734                HAL_InitTick
 .text.HAL_IncTick
                0x0000000008000794       0x24 Drivers/STM32F1xx_HAL_Driver/Src/stm32f1xx_hal.o
                0x0000000008000794                HAL_IncTick
 .text.HAL_GetTick
                0x00000000080007b8       0x14 Drivers/STM32F1xx_HAL_Driver/Src/stm32f1xx_hal.o
                0x00000000080007b8                HAL_GetTick
 .text.HAL_Delay
                0x00000000080007cc       0x44 Drivers/STM32F1xx_HAL_Driver/Src/stm32f1xx_hal.o
                0x00000000080007cc                HAL_Delay
 .text.__NVIC_SetPriorityGrouping
                0x0000000008000810       0x48 Drivers/STM32F1xx_HAL_Driver/Src/stm32f1xx_hal_cortex.o
 .text.__NVIC_GetPriorityGrouping
                0x0000000008000858       0x1c Drivers/STM32F1xx_HAL_Driver/Src/stm32f1xx_hal_cortex.o
 .text.__NVIC_EnableIRQ
                0x0000000008000874       0x38 Drivers/STM32F1xx_HAL_Driver/Src/stm32f1xx_hal_cortex.o
 .text.__NVIC_SetPriority
                0x00000000080008ac       0x54 Drivers/STM32F1xx_HAL_Driver/Src/stm32f1xx_hal_cortex.o
 .text.NVIC_EncodePriority
                0x0000000008000900       0x64 Drivers/STM32F1xx_HAL_Driver/Src/stm32f1xx_hal_cortex.o
 .text.SysTick_Config
                0x0000000008000964       0x44 Drivers/STM32F1xx_HAL_Driver/Src/stm32f1xx_hal_cortex.o
 .text.HAL_NVIC_SetPriorityGrouping
                0x00000000080009a8       0x16 Drivers/STM32F1xx_HAL_Driver/Src/stm32f1xx_hal_cortex.o
                0x00000000080009a8                HAL_NVIC_SetPriorityGrouping
 .text.HAL_NVIC_SetPriority
                0x00000000080009be       0x38 Drivers/STM32F1xx_HAL_Driver/Src/stm32f1xx_hal_cortex.o
                0x00000000080009be                HAL_NVIC_SetPriority
 .text.HAL_NVIC_EnableIRQ
                0x00000000080009f6       0x1c Drivers/STM32F1xx_HAL_Driver/Src/stm32f1xx_hal_cortex.o
                0x00000000080009f6                HAL_NVIC_EnableIRQ
 .text.HAL_SYSTICK_Config
                0x0000000008000a12       0x18 Drivers/STM32F1xx_HAL_Driver/Src/stm32f1xx_hal_cortex.o
                0x0000000008000a12                HAL_SYSTICK_Config
 .text.HAL_PCD_Init
                0x0000000008000a2a      0x1c2 Drivers/STM32F1xx_HAL_Driver/Src/stm32f1xx_hal_pcd.o
                0x0000000008000a2a                HAL_PCD_Init
 .text.HAL_PCD_Start
                0x0000000008000bec       0x4c Drivers/STM32F1xx_HAL_Driver/Src/stm32f1xx_hal_pcd.o
                0x0000000008000bec                HAL_PCD_Start
 .text.HAL_PCD_IRQHandler
                0x0000000008000c38      0x21c Drivers/STM32F1xx_HAL_Driver/Src/stm32f1xx_hal_pcd.o
                0x0000000008000c38                HAL_PCD_IRQHandler
 .text.HAL_PCD_SetAddress
                0x0000000008000e54       0x4a Drivers/STM32F1xx_HAL_Driver/Src/stm32f1xx_hal_pcd.o
                0x0000000008000e54                HAL_PCD_SetAddress
 .text.HAL_PCD_EP_Open
                0x0000000008000e9e       0xc0 Drivers/STM32F1xx_HAL_Driver/Src/stm32f1xx_hal_pcd.o
                0x0000000008000e9e                HAL_PCD_EP_Open
 .text.HAL_PCD_EP_Close
                0x0000000008000f5e       0x84 Drivers/STM32F1xx_HAL_Driver/Src/stm32f1xx_hal_pcd.o
                0x0000000008000f5e                HAL_PCD_EP_Close
 .text.HAL_PCD_EP_Receive
                0x0000000008000fe2       0x74 Drivers/STM32F1xx_HAL_Driver/Src/stm32f1xx_hal_pcd.o
                0x0000000008000fe2                HAL_PCD_EP_Receive
 .text.HAL_PCD_EP_Transmit
                0x0000000008001056       0x72 Drivers/STM32F1xx_HAL_Driver/Src/stm32f1xx_hal_pcd.o
                0x0000000008001056                HAL_PCD_EP_Transmit
 .text.HAL_PCD_EP_SetStall
                0x00000000080010c8       0xb4 Drivers/STM32F1xx_HAL_Driver/Src/stm32f1xx_hal_pcd.o
                0x00000000080010c8                HAL_PCD_EP_SetStall
 .text.HAL_PCD_EP_ClrStall
                0x000000000800117c       0x9c Drivers/STM32F1xx_HAL_Driver/Src/stm32f1xx_hal_pcd.o
                0x000000000800117c                HAL_PCD_EP_ClrStall
 .text.PCD_EP_ISR_Handler
                0x0000000008001218      0x534 Drivers/STM32F1xx_HAL_Driver/Src/stm32f1xx_hal_pcd.o
 .text.HAL_PCDEx_PMAConfig
                0x000000000800174c       0x78 Drivers/STM32F1xx_HAL_Driver/Src/stm32f1xx_hal_pcd_ex.o
                0x000000000800174c                HAL_PCDEx_PMAConfig
 .text.HAL_RCC_OscConfig
                0x00000000080017c4      0x500 Drivers/STM32F1xx_HAL_Driver/Src/stm32f1xx_hal_rcc.o
                0x00000000080017c4                HAL_RCC_OscConfig
 .text.HAL_RCC_ClockConfig
                0x0000000008001cc4      0x1d4 Drivers/STM32F1xx_HAL_Driver/Src/stm32f1xx_hal_rcc.o
                0x0000000008001cc4                HAL_RCC_ClockConfig
 .text.HAL_RCC_GetSysClockFreq
                0x0000000008001e98       0xc4 Drivers/STM32F1xx_HAL_Driver/Src/stm32f1xx_hal_rcc.o
                0x0000000008001e98                HAL_RCC_GetSysClockFreq
 .text.RCC_Delay
                0x0000000008001f5c       0x3c Drivers/STM32F1xx_HAL_Driver/Src/stm32f1xx_hal_rcc.o
 .text.HAL_RCCEx_PeriphCLKConfig
                0x0000000008001f98      0x16c Drivers/STM32F1xx_HAL_Driver/Src/stm32f1xx_hal_rcc_ex.o
                0x0000000008001f98                HAL_RCCEx_PeriphCLKConfig
 .text.USB_CoreInit
                0x0000000008002104       0x20 Drivers/STM32F1xx_HAL_Driver/Src/stm32f1xx_ll_usb.o
                0x0000000008002104                USB_CoreInit
 .text.USB_EnableGlobalInt
                0x0000000008002124       0x2e Drivers/STM32F1xx_HAL_Driver/Src/stm32f1xx_ll_usb.o
                0x0000000008002124                USB_EnableGlobalInt
 .text.USB_DisableGlobalInt
                0x0000000008002152       0x38 Drivers/STM32F1xx_HAL_Driver/Src/stm32f1xx_ll_usb.o
                0x0000000008002152                USB_DisableGlobalInt
 .text.USB_SetCurrentMode
                0x000000000800218a       0x18 Drivers/STM32F1xx_HAL_Driver/Src/stm32f1xx_ll_usb.o
                0x000000000800218a                USB_SetCurrentMode
 .text.USB_DevInit
                0x00000000080021a2       0x48 Drivers/STM32F1xx_HAL_Driver/Src/stm32f1xx_ll_usb.o
                0x00000000080021a2                USB_DevInit
 *fill*         0x00000000080021ea        0x2 
 .text.USB_ActivateEndpoint
                0x00000000080021ec      0x5dc Drivers/STM32F1xx_HAL_Driver/Src/stm32f1xx_ll_usb.o
                0x00000000080021ec                USB_ActivateEndpoint
 .text.USB_DeactivateEndpoint
                0x00000000080027c8      0x32c Drivers/STM32F1xx_HAL_Driver/Src/stm32f1xx_ll_usb.o
                0x00000000080027c8                USB_DeactivateEndpoint
 .text.USB_EPStartXfer
                0x0000000008002af4      0x570 Drivers/STM32F1xx_HAL_Driver/Src/stm32f1xx_ll_usb.o
                0x0000000008002af4                USB_EPStartXfer
 .text.USB_EPSetStall
                0x0000000008003064       0x84 Drivers/STM32F1xx_HAL_Driver/Src/stm32f1xx_ll_usb.o
                0x0000000008003064                USB_EPSetStall
 .text.USB_EPClearStall
                0x00000000080030e8      0x128 Drivers/STM32F1xx_HAL_Driver/Src/stm32f1xx_ll_usb.o
                0x00000000080030e8                USB_EPClearStall
 .text.USB_SetDevAddress
                0x0000000008003210       0x26 Drivers/STM32F1xx_HAL_Driver/Src/stm32f1xx_ll_usb.o
                0x0000000008003210                USB_SetDevAddress
 .text.USB_DevConnect
                0x0000000008003236       0x14 Drivers/STM32F1xx_HAL_Driver/Src/stm32f1xx_ll_usb.o
                0x0000000008003236                USB_DevConnect
 .text.USB_DevDisconnect
                0x000000000800324a       0x14 Drivers/STM32F1xx_HAL_Driver/Src/stm32f1xx_ll_usb.o
                0x000000000800324a                USB_DevDisconnect
 .text.USB_ReadInterrupts
                0x000000000800325e       0x1e Drivers/STM32F1xx_HAL_Driver/Src/stm32f1xx_ll_usb.o
                0x000000000800325e                USB_ReadInterrupts
 .text.USB_EP0_OutStart
                0x000000000800327c       0x16 Drivers/STM32F1xx_HAL_Driver/Src/stm32f1xx_ll_usb.o
                0x000000000800327c                USB_EP0_OutStart
 .text.USB_WritePMA
                0x0000000008003292       0x88 Drivers/STM32F1xx_HAL_Driver/Src/stm32f1xx_ll_usb.o
                0x0000000008003292                USB_WritePMA
 .text.USB_ReadPMA
                0x000000000800331a       0x9e Drivers/STM32F1xx_HAL_Driver/Src/stm32f1xx_ll_usb.o
                0x000000000800331a                USB_ReadPMA
 .text.USBD_Init
                0x00000000080033b8       0x56 Middlewares/ST/STM32_USB_Device_Library/Core/Src/usbd_core.o
                0x00000000080033b8                USBD_Init
 .text.USBD_RegisterClass
                0x000000000800340e       0x32 Middlewares/ST/STM32_USB_Device_Library/Core/Src/usbd_core.o
                0x000000000800340e                USBD_RegisterClass
 .text.USBD_Start
                0x0000000008003440       0x18 Middlewares/ST/STM32_USB_Device_Library/Core/Src/usbd_core.o
                0x0000000008003440                USBD_Start
 .text.USBD_RunTestMode
                0x0000000008003458       0x14 Middlewares/ST/STM32_USB_Device_Library/Core/Src/usbd_core.o
                0x0000000008003458                USBD_RunTestMode
 .text.USBD_SetClassConfig
                0x000000000800346c       0x3e Middlewares/ST/STM32_USB_Device_Library/Core/Src/usbd_core.o
                0x000000000800346c                USBD_SetClassConfig
 .text.USBD_ClrClassConfig
                0x00000000080034aa       0x26 Middlewares/ST/STM32_USB_Device_Library/Core/Src/usbd_core.o
                0x00000000080034aa                USBD_ClrClassConfig
 .text.USBD_LL_SetupStage
                0x00000000080034d0       0x96 Middlewares/ST/STM32_USB_Device_Library/Core/Src/usbd_core.o
                0x00000000080034d0                USBD_LL_SetupStage
 .text.USBD_LL_DataOutStage
                0x0000000008003566       0xe2 Middlewares/ST/STM32_USB_Device_Library/Core/Src/usbd_core.o
                0x0000000008003566                USBD_LL_DataOutStage
 .text.USBD_LL_DataInStage
                0x0000000008003648      0x14a Middlewares/ST/STM32_USB_Device_Library/Core/Src/usbd_core.o
                0x0000000008003648                USBD_LL_DataInStage
 .text.USBD_LL_Reset
                0x0000000008003792       0x82 Middlewares/ST/STM32_USB_Device_Library/Core/Src/usbd_core.o
                0x0000000008003792                USBD_LL_Reset
 .text.USBD_LL_SetSpeed
                0x0000000008003814       0x1e Middlewares/ST/STM32_USB_Device_Library/Core/Src/usbd_core.o
                0x0000000008003814                USBD_LL_SetSpeed
 .text.USBD_LL_Suspend
                0x0000000008003832       0x28 Middlewares/ST/STM32_USB_Device_Library/Core/Src/usbd_core.o
                0x0000000008003832                USBD_LL_Suspend
 .text.USBD_LL_Resume
                0x000000000800385a       0x2a Middlewares/ST/STM32_USB_Device_Library/Core/Src/usbd_core.o
                0x000000000800385a                USBD_LL_Resume
 .text.USBD_LL_SOF
                0x0000000008003884       0x34 Middlewares/ST/STM32_USB_Device_Library/Core/Src/usbd_core.o
                0x0000000008003884                USBD_LL_SOF
 .text.USBD_StdDevReq
                0x00000000080038b8       0xd4 Middlewares/ST/STM32_USB_Device_Library/Core/Src/usbd_ctlreq.o
                0x00000000080038b8                USBD_StdDevReq
 .text.USBD_StdItfReq
                0x000000000800398c       0x8c Middlewares/ST/STM32_USB_Device_Library/Core/Src/usbd_ctlreq.o
                0x000000000800398c                USBD_StdItfReq
 .text.USBD_StdEPReq
                0x0000000008003a18      0x2ba Middlewares/ST/STM32_USB_Device_Library/Core/Src/usbd_ctlreq.o
                0x0000000008003a18                USBD_StdEPReq
 *fill*         0x0000000008003cd2        0x2 
 .text.USBD_GetDescriptor
                0x0000000008003cd4      0x2d0 Middlewares/ST/STM32_USB_Device_Library/Core/Src/usbd_ctlreq.o
 .text.USBD_SetAddress
                0x0000000008003fa4       0x84 Middlewares/ST/STM32_USB_Device_Library/Core/Src/usbd_ctlreq.o
 .text.USBD_SetConfig
                0x0000000008004028      0x11c Middlewares/ST/STM32_USB_Device_Library/Core/Src/usbd_ctlreq.o
 .text.USBD_GetConfig
                0x0000000008004144       0x68 Middlewares/ST/STM32_USB_Device_Library/Core/Src/usbd_ctlreq.o
 .text.USBD_GetStatus
                0x00000000080041ac       0x66 Middlewares/ST/STM32_USB_Device_Library/Core/Src/usbd_ctlreq.o
 .text.USBD_SetFeature
                0x0000000008004212       0x28 Middlewares/ST/STM32_USB_Device_Library/Core/Src/usbd_ctlreq.o
 .text.USBD_ClrFeature
                0x000000000800423a       0x42 Middlewares/ST/STM32_USB_Device_Library/Core/Src/usbd_ctlreq.o
 .text.USBD_ParseSetupRequest
                0x000000000800427c       0x78 Middlewares/ST/STM32_USB_Device_Library/Core/Src/usbd_ctlreq.o
                0x000000000800427c                USBD_ParseSetupRequest
 .text.USBD_CtlError
                0x00000000080042f4       0x22 Middlewares/ST/STM32_USB_Device_Library/Core/Src/usbd_ctlreq.o
                0x00000000080042f4                USBD_CtlError
 .text.USBD_GetString
                0x0000000008004316       0x84 Middlewares/ST/STM32_USB_Device_Library/Core/Src/usbd_ctlreq.o
                0x0000000008004316                USBD_GetString
 .text.USBD_GetLen
                0x000000000800439a       0x2e Middlewares/ST/STM32_USB_Device_Library/Core/Src/usbd_ctlreq.o
 .text.USBD_CtlSendData
                0x00000000080043c8       0x38 Middlewares/ST/STM32_USB_Device_Library/Core/Src/usbd_ioreq.o
                0x00000000080043c8                USBD_CtlSendData
 .text.USBD_CtlContinueSendData
                0x0000000008004400       0x24 Middlewares/ST/STM32_USB_Device_Library/Core/Src/usbd_ioreq.o
                0x0000000008004400                USBD_CtlContinueSendData
 .text.USBD_CtlContinueRx
                0x0000000008004424       0x24 Middlewares/ST/STM32_USB_Device_Library/Core/Src/usbd_ioreq.o
                0x0000000008004424                USBD_CtlContinueRx
 .text.USBD_CtlSendStatus
                0x0000000008004448       0x26 Middlewares/ST/STM32_USB_Device_Library/Core/Src/usbd_ioreq.o
                0x0000000008004448                USBD_CtlSendStatus
 .text.USBD_CtlReceiveStatus
                0x000000000800446e       0x26 Middlewares/ST/STM32_USB_Device_Library/Core/Src/usbd_ioreq.o
                0x000000000800446e                USBD_CtlReceiveStatus
 .text.USBD_FS_DeviceDescriptor
                0x0000000008004494       0x24 USB_DEVICE/App/usbd_desc.o
                0x0000000008004494                USBD_FS_DeviceDescriptor
 .text.USBD_FS_LangIDStrDescriptor
                0x00000000080044b8       0x24 USB_DEVICE/App/usbd_desc.o
                0x00000000080044b8                USBD_FS_LangIDStrDescriptor
 .text.USBD_FS_ProductStrDescriptor
                0x00000000080044dc       0x3c USB_DEVICE/App/usbd_desc.o
                0x00000000080044dc                USBD_FS_ProductStrDescriptor
 .text.USBD_FS_ManufacturerStrDescriptor
                0x0000000008004518       0x28 USB_DEVICE/App/usbd_desc.o
                0x0000000008004518                USBD_FS_ManufacturerStrDescriptor
 .text.USBD_FS_SerialStrDescriptor
                0x0000000008004540       0x24 USB_DEVICE/App/usbd_desc.o
                0x0000000008004540                USBD_FS_SerialStrDescriptor
 .text.USBD_FS_ConfigStrDescriptor
                0x0000000008004564       0x3c USB_DEVICE/App/usbd_desc.o
                0x0000000008004564                USBD_FS_ConfigStrDescriptor
 .text.USBD_FS_InterfaceStrDescriptor
                0x00000000080045a0       0x3c USB_DEVICE/App/usbd_desc.o
                0x00000000080045a0                USBD_FS_InterfaceStrDescriptor
 .text.Get_SerialNum
                0x00000000080045dc       0x58 USB_DEVICE/App/usbd_desc.o
 .text.IntToUnicode
                0x0000000008004634       0x7a USB_DEVICE/App/usbd_desc.o
 *fill*         0x00000000080046ae        0x2 
 .text.HAL_PCD_MspInit
                0x00000000080046b0       0x5c USB_DEVICE/Target/usbd_conf.o
                0x00000000080046b0                HAL_PCD_MspInit
 .text.HAL_PCD_SetupStageCallback
                0x000000000800470c       0x24 USB_DEVICE/Target/usbd_conf.o
                0x000000000800470c                HAL_PCD_SetupStageCallback
 .text.HAL_PCD_DataOutStageCallback
                0x0000000008004730       0x30 USB_DEVICE/Target/usbd_conf.o
                0x0000000008004730                HAL_PCD_DataOutStageCallback
 .text.HAL_PCD_DataInStageCallback
                0x0000000008004760       0x2e USB_DEVICE/Target/usbd_conf.o
                0x0000000008004760                HAL_PCD_DataInStageCallback
 .text.HAL_PCD_SOFCallback
                0x000000000800478e       0x1c USB_DEVICE/Target/usbd_conf.o
                0x000000000800478e                HAL_PCD_SOFCallback
 .text.HAL_PCD_ResetCallback
                0x00000000080047aa       0x3c USB_DEVICE/Target/usbd_conf.o
                0x00000000080047aa                HAL_PCD_ResetCallback
 *fill*         0x00000000080047e6        0x2 
 .text.HAL_PCD_SuspendCallback
                0x00000000080047e8       0x34 USB_DEVICE/Target/usbd_conf.o
                0x00000000080047e8                HAL_PCD_SuspendCallback
 .text.HAL_PCD_ResumeCallback
                0x000000000800481c       0x1c USB_DEVICE/Target/usbd_conf.o
                0x000000000800481c                HAL_PCD_ResumeCallback
 .text.USBD_LL_Init
                0x0000000008004838       0x80 USB_DEVICE/Target/usbd_conf.o
                0x0000000008004838                USBD_LL_Init
 .text.USBD_LL_Start
                0x00000000080048b8       0x36 USB_DEVICE/Target/usbd_conf.o
                0x00000000080048b8                USBD_LL_Start
 .text.USBD_LL_OpenEP
                0x00000000080048ee       0x4c USB_DEVICE/Target/usbd_conf.o
                0x00000000080048ee                USBD_LL_OpenEP
 .text.USBD_LL_CloseEP
                0x000000000800493a       0x3e USB_DEVICE/Target/usbd_conf.o
                0x000000000800493a                USBD_LL_CloseEP
 .text.USBD_LL_StallEP
                0x0000000008004978       0x3e USB_DEVICE/Target/usbd_conf.o
                0x0000000008004978                USBD_LL_StallEP
 .text.USBD_LL_ClearStallEP
                0x00000000080049b6       0x3e USB_DEVICE/Target/usbd_conf.o
                0x00000000080049b6                USBD_LL_ClearStallEP
 .text.USBD_LL_IsStallEP
                0x00000000080049f4       0x4a USB_DEVICE/Target/usbd_conf.o
                0x00000000080049f4                USBD_LL_IsStallEP
 .text.USBD_LL_SetUSBAddress
                0x0000000008004a3e       0x3e USB_DEVICE/Target/usbd_conf.o
                0x0000000008004a3e                USBD_LL_SetUSBAddress
 .text.USBD_LL_Transmit
                0x0000000008004a7c       0x46 USB_DEVICE/Target/usbd_conf.o
                0x0000000008004a7c                USBD_LL_Transmit
 .text.USBD_LL_PrepareReceive
                0x0000000008004ac2       0x46 USB_DEVICE/Target/usbd_conf.o
                0x0000000008004ac2                USBD_LL_PrepareReceive
 .text.HAL_PCDEx_SetConnectionState
                0x0000000008004b08       0x16 USB_DEVICE/Target/usbd_conf.o
                0x0000000008004b08                HAL_PCDEx_SetConnectionState
 *fill*         0x0000000008004b1e        0x2 
 .text.USBD_Get_USB_Status
                0x0000000008004b20       0x58 USB_DEVICE/Target/usbd_conf.o
 .text.__libc_init_array
                0x0000000008004b78       0x48 c:/st/stm32cubeide_1.0.2/stm32cubeide/plugins/com.st.stm32cube.ide.mcu.externaltools.gnu-tools-for-stm32.7-2018-q2-update.win32_1.4.0.202007081208/tools/bin/../lib/gcc/arm-none-eabi/7.3.1/../../../../arm-none-eabi/lib/thumb/v7-m\libc_nano.a(lib_a-init.o)
                0x0000000008004b78                __libc_init_array
 .text.memset   0x0000000008004bc0       0x10 c:/st/stm32cubeide_1.0.2/stm32cubeide/plugins/com.st.stm32cube.ide.mcu.externaltools.gnu-tools-for-stm32.7-2018-q2-update.win32_1.4.0.202007081208/tools/bin/../lib/gcc/arm-none-eabi/7.3.1/../../../../arm-none-eabi/lib/thumb/v7-m\libc_nano.a(lib_a-memset.o)
                0x0000000008004bc0                memset
 *(.glue_7)
 .glue_7        0x0000000008004bd0        0x0 linker stubs
 *(.glue_7t)
 .glue_7t       0x0000000008004bd0        0x0 linker stubs
 *(.eh_frame)
 .eh_frame      0x0000000008004bd0        0x0 c:/st/stm32cubeide_1.0.2/stm32cubeide/plugins/com.st.stm32cube.ide.mcu.externaltools.gnu-tools-for-stm32.7-2018-q2-update.win32_1.4.0.202007081208/tools/bin/../lib/gcc/arm-none-eabi/7.3.1/thumb/v7-m/crtbegin.o
 *(.init)
 .init          0x0000000008004bd0        0x4 c:/st/stm32cubeide_1.0.2/stm32cubeide/plugins/com.st.stm32cube.ide.mcu.externaltools.gnu-tools-for-stm32.7-2018-q2-update.win32_1.4.0.202007081208/tools/bin/../lib/gcc/arm-none-eabi/7.3.1/thumb/v7-m/crti.o
                0x0000000008004bd0                _init
 .init          0x0000000008004bd4        0x8 c:/st/stm32cubeide_1.0.2/stm32cubeide/plugins/com.st.stm32cube.ide.mcu.externaltools.gnu-tools-for-stm32.7-2018-q2-update.win32_1.4.0.202007081208/tools/bin/../lib/gcc/arm-none-eabi/7.3.1/thumb/v7-m/crtn.o
 *(.fini)
 .fini          0x0000000008004bdc        0x4 c:/st/stm32cubeide_1.0.2/stm32cubeide/plugins/com.st.stm32cube.ide.mcu.externaltools.gnu-tools-for-stm32.7-2018-q2-update.win32_1.4.0.202007081208/tools/bin/../lib/gcc/arm-none-eabi/7.3.1/thumb/v7-m/crti.o
                0x0000000008004bdc                _fini
 .fini          0x0000000008004be0        0x8 c:/st/stm32cubeide_1.0.2/stm32cubeide/plugins/com.st.stm32cube.ide.mcu.externaltools.gnu-tools-for-stm32.7-2018-q2-update.win32_1.4.0.202007081208/tools/bin/../lib/gcc/arm-none-eabi/7.3.1/thumb/v7-m/crtn.o
                0x0000000008004be8                . = ALIGN (0x4)
                0x0000000008004be8                _etext = .

.vfp11_veneer   0x0000000008004be8        0x0
 .vfp11_veneer  0x0000000008004be8        0x0 linker stubs

.v4_bx          0x0000000008004be8        0x0
 .v4_bx         0x0000000008004be8        0x0 linker stubs

.iplt           0x0000000008004be8        0x0
 .iplt          0x0000000008004be8        0x0 c:/st/stm32cubeide_1.0.2/stm32cubeide/plugins/com.st.stm32cube.ide.mcu.externaltools.gnu-tools-for-stm32.7-2018-q2-update.win32_1.4.0.202007081208/tools/bin/../lib/gcc/arm-none-eabi/7.3.1/thumb/v7-m/crtbegin.o

.rodata         0x0000000008004be8       0x64
                0x0000000008004be8                . = ALIGN (0x4)
 *(.rodata)
 .rodata        0x0000000008004be8       0x12 Drivers/STM32F1xx_HAL_Driver/Src/stm32f1xx_hal_rcc.o
 *fill*         0x0000000008004bfa        0x2 
 .rodata        0x0000000008004bfc       0x40 USB_DEVICE/App/usbd_desc.o
 *(.rodata*)
 .rodata.AHBPrescTable
                0x0000000008004c3c       0x10 Core/Src/system_stm32f1xx.o
                0x0000000008004c3c                AHBPrescTable
                0x0000000008004c4c                . = ALIGN (0x4)

.rel.dyn        0x0000000008004c4c        0x0
 .rel.iplt      0x0000000008004c4c        0x0 c:/st/stm32cubeide_1.0.2/stm32cubeide/plugins/com.st.stm32cube.ide.mcu.externaltools.gnu-tools-for-stm32.7-2018-q2-update.win32_1.4.0.202007081208/tools/bin/../lib/gcc/arm-none-eabi/7.3.1/thumb/v7-m/crtbegin.o

.ARM.extab      0x0000000008004c4c        0x0
                0x0000000008004c4c                . = ALIGN (0x4)
 *(.ARM.extab* .gnu.linkonce.armextab.*)
                0x0000000008004c4c                . = ALIGN (0x4)

.ARM            0x0000000008004c4c        0x0
                0x0000000008004c4c                . = ALIGN (0x4)
                0x0000000008004c4c                __exidx_start = .
 *(.ARM.exidx*)
                0x0000000008004c4c                __exidx_end = .
                0x0000000008004c4c                . = ALIGN (0x4)

.preinit_array  0x0000000008004c4c        0x0
                0x0000000008004c4c                . = ALIGN (0x4)
                0x0000000008004c4c                PROVIDE (__preinit_array_start = .)
 *(.preinit_array*)
                0x0000000008004c4c                PROVIDE (__preinit_array_end = .)
                0x0000000008004c4c                . = ALIGN (0x4)

.init_array     0x0000000008004c4c        0x4
                0x0000000008004c4c                . = ALIGN (0x4)
                0x0000000008004c4c                PROVIDE (__init_array_start = .)
 *(SORT_BY_NAME(.init_array.*))
 *(.init_array*)
 .init_array    0x0000000008004c4c        0x4 c:/st/stm32cubeide_1.0.2/stm32cubeide/plugins/com.st.stm32cube.ide.mcu.externaltools.gnu-tools-for-stm32.7-2018-q2-update.win32_1.4.0.202007081208/tools/bin/../lib/gcc/arm-none-eabi/7.3.1/thumb/v7-m/crtbegin.o
                0x0000000008004c50                PROVIDE (__init_array_end = .)
                0x0000000008004c50                . = ALIGN (0x4)

.fini_array     0x0000000008004c50        0x4
                0x0000000008004c50                . = ALIGN (0x4)
                [!provide]                        PROVIDE (__fini_array_start = .)
 *(SORT_BY_NAME(.fini_array.*))
 *(.fini_array*)
 .fini_array    0x0000000008004c50        0x4 c:/st/stm32cubeide_1.0.2/stm32cubeide/plugins/com.st.stm32cube.ide.mcu.externaltools.gnu-tools-for-stm32.7-2018-q2-update.win32_1.4.0.202007081208/tools/bin/../lib/gcc/arm-none-eabi/7.3.1/thumb/v7-m/crtbegin.o
                [!provide]                        PROVIDE (__fini_array_end = .)
                0x0000000008004c54                . = ALIGN (0x4)
                0x0000000008004c54                _sidata = LOADADDR (.data)

.data           0x0000000020000000      0x124 load address 0x0000000008004c54
                0x0000000020000000                . = ALIGN (0x4)
                0x0000000020000000                _sdata = .
 *(.data)
 *(.data*)
 .data.sequence
                0x0000000020000000       0x20 Core/Src/main.o
                0x0000000020000000                sequence
 .data.SystemCoreClock
                0x0000000020000020        0x4 Core/Src/system_stm32f1xx.o
                0x0000000020000020                SystemCoreClock
 .data.USBD_MIDI
                0x0000000020000024       0x38 Core/Src/usbd_midi.o
                0x0000000020000024                USBD_MIDI
 .data.USBD_MIDI_CfgDesc
                0x000000002000005c       0x65 Core/Src/usbd_midi.o
                0x000000002000005c                USBD_MIDI_CfgDesc
 *fill*         0x00000000200000c1        0x3 
 .data.USBD_Interface_fops_FS
                0x00000000200000c4        0x8 Core/Src/usbd_midi_if.o
                0x00000000200000c4                USBD_Interface_fops_FS
 .data.uwTickPrio
                0x00000000200000cc        0x4 Drivers/STM32F1xx_HAL_Driver/Src/stm32f1xx_hal.o
                0x00000000200000cc                uwTickPrio
 .data.uwTickFreq
                0x00000000200000d0        0x1 Drivers/STM32F1xx_HAL_Driver/Src/stm32f1xx_hal.o
                0x00000000200000d0                uwTickFreq
 *fill*         0x00000000200000d1        0x3 
 .data.FS_Desc  0x00000000200000d4       0x1c USB_DEVICE/App/usbd_desc.o
                0x00000000200000d4                FS_Desc
 .data.USBD_FS_DeviceDesc
                0x00000000200000f0       0x12 USB_DEVICE/App/usbd_desc.o
                0x00000000200000f0                USBD_FS_DeviceDesc
 *fill*         0x0000000020000102        0x2 
 .data.USBD_LangIDDesc
                0x0000000020000104        0x4 USB_DEVICE/App/usbd_desc.o
                0x0000000020000104                USBD_LangIDDesc
 .data.USBD_StringSerial
                0x0000000020000108       0x1a USB_DEVICE/App/usbd_desc.o
                0x0000000020000108                USBD_StringSerial
                0x0000000020000124                . = ALIGN (0x4)
 *fill*         0x0000000020000122        0x2 
                0x0000000020000124                _edata = .

.igot.plt       0x0000000020000124        0x0 load address 0x0000000008004d78
 .igot.plt      0x0000000020000124        0x0 c:/st/stm32cubeide_1.0.2/stm32cubeide/plugins/com.st.stm32cube.ide.mcu.externaltools.gnu-tools-for-stm32.7-2018-q2-update.win32_1.4.0.202007081208/tools/bin/../lib/gcc/arm-none-eabi/7.3.1/thumb/v7-m/crtbegin.o
                0x0000000020000124                . = ALIGN (0x4)

.bss            0x0000000020000124      0x8a0 load address 0x0000000008004d78
                0x0000000020000124                _sbss = .
                0x0000000020000124                __bss_start__ = _sbss
 *(.bss)
 .bss           0x0000000020000124       0x1c c:/st/stm32cubeide_1.0.2/stm32cubeide/plugins/com.st.stm32cube.ide.mcu.externaltools.gnu-tools-for-stm32.7-2018-q2-update.win32_1.4.0.202007081208/tools/bin/../lib/gcc/arm-none-eabi/7.3.1/thumb/v7-m/crtbegin.o
 *(.bss*)
 .bss.midi_channel
                0x0000000020000140        0x1 Core/Src/main.o
                0x0000000020000140                midi_channel
 *fill*         0x0000000020000141        0x3 
 .bss.pInstance
                0x0000000020000144        0x4 Core/Src/usbd_midi.o
                0x0000000020000144                pInstance
 .bss.APP_Rx_ptr_in
                0x0000000020000148        0x4 Core/Src/usbd_midi.o
                0x0000000020000148                APP_Rx_ptr_in
 .bss.USB_Tx_State
                0x000000002000014c        0x1 Core/Src/usbd_midi.o
                0x000000002000014c                USB_Tx_State
 .bss.cfgidx.7624
                0x000000002000014d        0x1 Middlewares/ST/STM32_USB_Device_Library/Core/Src/usbd_ctlreq.o
 *(COMMON)
 *fill*         0x000000002000014e        0x2 
 COMMON         0x0000000020000150      0x140 Core/Src/usbd_midi.o
                0x0000000020000150                USB_Rx_Buffer
                0x0000000020000190                APP_Rx_Buffer
 COMMON         0x0000000020000290        0x4 Drivers/STM32F1xx_HAL_Driver/Src/stm32f1xx_hal.o
                0x0000000020000290                uwTick
 COMMON         0x0000000020000294      0x2c4 USB_DEVICE/App/usb_device.o
                0x0000000020000294                hUsbDeviceFS
 COMMON         0x0000000020000558      0x200 USB_DEVICE/App/usbd_desc.o
                0x0000000020000558                USBD_StrDesc
 COMMON         0x0000000020000758      0x26c USB_DEVICE/Target/usbd_conf.o
                0x0000000020000758                hpcd_USB_FS
                0x00000000200009c4                . = ALIGN (0x4)
                0x00000000200009c4                _ebss = .
                0x00000000200009c4                __bss_end__ = _ebss

._user_heap_stack
                0x00000000200009c4      0x604 load address 0x0000000008004d78
                0x00000000200009c8                . = ALIGN (0x8)
 *fill*         0x00000000200009c4        0x4 
                0x00000000200009c8                PROVIDE (end = .)
                [!provide]                        PROVIDE (_end = .)
                0x0000000020000bc8                . = (. + _Min_Heap_Size)
 *fill*         0x00000000200009c8      0x200 
                0x0000000020000fc8                . = (. + _Min_Stack_Size)
 *fill*         0x0000000020000bc8      0x400 
                0x0000000020000fc8                . = ALIGN (0x8)

/DISCARD/
 libc.a(*)
 libm.a(*)
 libgcc.a(*)

.ARM.attributes
                0x0000000000000000       0x29
 *(.ARM.attributes)
 .ARM.attributes
                0x0000000000000000       0x1d c:/st/stm32cubeide_1.0.2/stm32cubeide/plugins/com.st.stm32cube.ide.mcu.externaltools.gnu-tools-for-stm32.7-2018-q2-update.win32_1.4.0.202007081208/tools/bin/../lib/gcc/arm-none-eabi/7.3.1/thumb/v7-m/crti.o
 .ARM.attributes
                0x000000000000001d       0x2d c:/st/stm32cubeide_1.0.2/stm32cubeide/plugins/com.st.stm32cube.ide.mcu.externaltools.gnu-tools-for-stm32.7-2018-q2-update.win32_1.4.0.202007081208/tools/bin/../lib/gcc/arm-none-eabi/7.3.1/thumb/v7-m/crtbegin.o
 .ARM.attributes
                0x000000000000004a       0x33 Core/Src/main.o
 .ARM.attributes
                0x000000000000007d       0x33 Core/Src/stm32f1xx_hal_msp.o
 .ARM.attributes
                0x00000000000000b0       0x33 Core/Src/stm32f1xx_it.o
 .ARM.attributes
                0x00000000000000e3       0x33 Core/Src/system_stm32f1xx.o
 .ARM.attributes
                0x0000000000000116       0x33 Core/Src/usbd_midi.o
 .ARM.attributes
                0x0000000000000149       0x33 Core/Src/usbd_midi_if.o
 .ARM.attributes
                0x000000000000017c       0x21 Core/Startup/startup_stm32f103c8tx.o
 .ARM.attributes
                0x000000000000019d       0x33 Drivers/STM32F1xx_HAL_Driver/Src/stm32f1xx_hal.o
 .ARM.attributes
                0x00000000000001d0       0x33 Drivers/STM32F1xx_HAL_Driver/Src/stm32f1xx_hal_cortex.o
 .ARM.attributes
                0x0000000000000203       0x33 Drivers/STM32F1xx_HAL_Driver/Src/stm32f1xx_hal_pcd.o
 .ARM.attributes
                0x0000000000000236       0x33 Drivers/STM32F1xx_HAL_Driver/Src/stm32f1xx_hal_pcd_ex.o
 .ARM.attributes
                0x0000000000000269       0x33 Drivers/STM32F1xx_HAL_Driver/Src/stm32f1xx_hal_rcc.o
 .ARM.attributes
                0x000000000000029c       0x33 Drivers/STM32F1xx_HAL_Driver/Src/stm32f1xx_hal_rcc_ex.o
 .ARM.attributes
                0x00000000000002cf       0x33 Drivers/STM32F1xx_HAL_Driver/Src/stm32f1xx_ll_usb.o
 .ARM.attributes
                0x0000000000000302       0x33 Middlewares/ST/STM32_USB_Device_Library/Core/Src/usbd_core.o
 .ARM.attributes
                0x0000000000000335       0x33 Middlewares/ST/STM32_USB_Device_Library/Core/Src/usbd_ctlreq.o
 .ARM.attributes
                0x0000000000000368       0x33 Middlewares/ST/STM32_USB_Device_Library/Core/Src/usbd_ioreq.o
 .ARM.attributes
                0x000000000000039b       0x33 USB_DEVICE/App/usb_device.o
 .ARM.attributes
                0x00000000000003ce       0x33 USB_DEVICE/App/usbd_desc.o
 .ARM.attributes
                0x0000000000000401       0x33 USB_DEVICE/Target/usbd_conf.o
 .ARM.attributes
                0x0000000000000434       0x2d c:/st/stm32cubeide_1.0.2/stm32cubeide/plugins/com.st.stm32cube.ide.mcu.externaltools.gnu-tools-for-stm32.7-2018-q2-update.win32_1.4.0.202007081208/tools/bin/../lib/gcc/arm-none-eabi/7.3.1/../../../../arm-none-eabi/lib/thumb/v7-m\libc_nano.a(lib_a-init.o)
 .ARM.attributes
                0x0000000000000461       0x2d c:/st/stm32cubeide_1.0.2/stm32cubeide/plugins/com.st.stm32cube.ide.mcu.externaltools.gnu-tools-for-stm32.7-2018-q2-update.win32_1.4.0.202007081208/tools/bin/../lib/gcc/arm-none-eabi/7.3.1/../../../../arm-none-eabi/lib/thumb/v7-m\libc_nano.a(lib_a-memset.o)
 .ARM.attributes
                0x000000000000048e       0x1d c:/st/stm32cubeide_1.0.2/stm32cubeide/plugins/com.st.stm32cube.ide.mcu.externaltools.gnu-tools-for-stm32.7-2018-q2-update.win32_1.4.0.202007081208/tools/bin/../lib/gcc/arm-none-eabi/7.3.1/thumb/v7-m/crtn.o
OUTPUT(blue_usb_midi.elf elf32-littlearm)

.debug_info     0x0000000000000000     0xf88f
 .debug_info    0x0000000000000000     0x1122 Core/Src/main.o
 .debug_info    0x0000000000001122      0x2cb Core/Src/stm32f1xx_hal_msp.o
 .debug_info    0x00000000000013ed      0x692 Core/Src/stm32f1xx_it.o
 .debug_info    0x0000000000001a7f      0x433 Core/Src/system_stm32f1xx.o
 .debug_info    0x0000000000001eb2     0x14b1 Core/Src/usbd_midi.o
 .debug_info    0x0000000000003363      0xfe2 Core/Src/usbd_midi_if.o
 .debug_info    0x0000000000004345       0x22 Core/Startup/startup_stm32f103c8tx.o
 .debug_info    0x0000000000004367      0x6fe Drivers/STM32F1xx_HAL_Driver/Src/stm32f1xx_hal.o
 .debug_info    0x0000000000004a65      0xb46 Drivers/STM32F1xx_HAL_Driver/Src/stm32f1xx_hal_cortex.o
 .debug_info    0x00000000000055ab      0xe38 Drivers/STM32F1xx_HAL_Driver/Src/stm32f1xx_hal_pcd.o
 .debug_info    0x00000000000063e3      0x760 Drivers/STM32F1xx_HAL_Driver/Src/stm32f1xx_hal_pcd_ex.o
 .debug_info    0x0000000000006b43      0x804 Drivers/STM32F1xx_HAL_Driver/Src/stm32f1xx_hal_rcc.o
 .debug_info    0x0000000000007347      0x439 Drivers/STM32F1xx_HAL_Driver/Src/stm32f1xx_hal_rcc_ex.o
 .debug_info    0x0000000000007780     0x14f9 Drivers/STM32F1xx_HAL_Driver/Src/stm32f1xx_ll_usb.o
 .debug_info    0x0000000000008c79     0x11c2 Middlewares/ST/STM32_USB_Device_Library/Core/Src/usbd_core.o
 .debug_info    0x0000000000009e3b     0x1132 Middlewares/ST/STM32_USB_Device_Library/Core/Src/usbd_ctlreq.o
 .debug_info    0x000000000000af6d      0xf23 Middlewares/ST/STM32_USB_Device_Library/Core/Src/usbd_ioreq.o
 .debug_info    0x000000000000be90      0xf62 USB_DEVICE/App/usb_device.o
 .debug_info    0x000000000000cdf2      0xd07 USB_DEVICE/App/usbd_desc.o
 .debug_info    0x000000000000daf9     0x1d96 USB_DEVICE/Target/usbd_conf.o

.debug_abbrev   0x0000000000000000     0x269d
 .debug_abbrev  0x0000000000000000      0x240 Core/Src/main.o
 .debug_abbrev  0x0000000000000240      0x109 Core/Src/stm32f1xx_hal_msp.o
 .debug_abbrev  0x0000000000000349      0x155 Core/Src/stm32f1xx_it.o
 .debug_abbrev  0x000000000000049e      0x134 Core/Src/system_stm32f1xx.o
 .debug_abbrev  0x00000000000005d2      0x285 Core/Src/usbd_midi.o
 .debug_abbrev  0x0000000000000857      0x201 Core/Src/usbd_midi_if.o
 .debug_abbrev  0x0000000000000a58       0x12 Core/Startup/startup_stm32f103c8tx.o
 .debug_abbrev  0x0000000000000a6a      0x1d8 Drivers/STM32F1xx_HAL_Driver/Src/stm32f1xx_hal.o
 .debug_abbrev  0x0000000000000c42      0x2d5 Drivers/STM32F1xx_HAL_Driver/Src/stm32f1xx_hal_cortex.o
 .debug_abbrev  0x0000000000000f17      0x263 Drivers/STM32F1xx_HAL_Driver/Src/stm32f1xx_hal_pcd.o
 .debug_abbrev  0x000000000000117a      0x188 Drivers/STM32F1xx_HAL_Driver/Src/stm32f1xx_hal_pcd_ex.o
 .debug_abbrev  0x0000000000001302      0x243 Drivers/STM32F1xx_HAL_Driver/Src/stm32f1xx_hal_rcc.o
 .debug_abbrev  0x0000000000001545      0x175 Drivers/STM32F1xx_HAL_Driver/Src/stm32f1xx_hal_rcc_ex.o
 .debug_abbrev  0x00000000000016ba      0x1c5 Drivers/STM32F1xx_HAL_Driver/Src/stm32f1xx_ll_usb.o
 .debug_abbrev  0x000000000000187f      0x270 Middlewares/ST/STM32_USB_Device_Library/Core/Src/usbd_core.o
 .debug_abbrev  0x0000000000001aef      0x2a0 Middlewares/ST/STM32_USB_Device_Library/Core/Src/usbd_ctlreq.o
 .debug_abbrev  0x0000000000001d8f      0x1e0 Middlewares/ST/STM32_USB_Device_Library/Core/Src/usbd_ioreq.o
 .debug_abbrev  0x0000000000001f6f      0x1ba USB_DEVICE/App/usb_device.o
 .debug_abbrev  0x0000000000002129      0x290 USB_DEVICE/App/usbd_desc.o
 .debug_abbrev  0x00000000000023b9      0x2e4 USB_DEVICE/Target/usbd_conf.o

.debug_aranges  0x0000000000000000      0x9d8
 .debug_aranges
                0x0000000000000000       0x38 Core/Src/main.o
 .debug_aranges
                0x0000000000000038       0x20 Core/Src/stm32f1xx_hal_msp.o
 .debug_aranges
                0x0000000000000058       0x70 Core/Src/stm32f1xx_it.o
 .debug_aranges
                0x00000000000000c8       0x28 Core/Src/system_stm32f1xx.o
 .debug_aranges
                0x00000000000000f0       0x50 Core/Src/usbd_midi.o
 .debug_aranges
                0x0000000000000140       0x48 Core/Src/usbd_midi_if.o
 .debug_aranges
                0x0000000000000188       0x28 Core/Startup/startup_stm32f103c8tx.o
 .debug_aranges
                0x00000000000001b0       0xe0 Drivers/STM32F1xx_HAL_Driver/Src/stm32f1xx_hal.o
 .debug_aranges
                0x0000000000000290      0x100 Drivers/STM32F1xx_HAL_Driver/Src/stm32f1xx_hal_cortex.o
 .debug_aranges
                0x0000000000000390      0x120 Drivers/STM32F1xx_HAL_Driver/Src/stm32f1xx_hal_pcd.o
 .debug_aranges
                0x00000000000004b0       0x38 Drivers/STM32F1xx_HAL_Driver/Src/stm32f1xx_hal_pcd_ex.o
 .debug_aranges
                0x00000000000004e8       0x90 Drivers/STM32F1xx_HAL_Driver/Src/stm32f1xx_hal_rcc.o
 .debug_aranges
                0x0000000000000578       0x30 Drivers/STM32F1xx_HAL_Driver/Src/stm32f1xx_hal_rcc_ex.o
 .debug_aranges
                0x00000000000005a8      0x108 Drivers/STM32F1xx_HAL_Driver/Src/stm32f1xx_ll_usb.o
 .debug_aranges
                0x00000000000006b0       0xb8 Middlewares/ST/STM32_USB_Device_Library/Core/Src/usbd_core.o
 .debug_aranges
                0x0000000000000768       0x88 Middlewares/ST/STM32_USB_Device_Library/Core/Src/usbd_ctlreq.o
 .debug_aranges
                0x00000000000007f0       0x50 Middlewares/ST/STM32_USB_Device_Library/Core/Src/usbd_ioreq.o
 .debug_aranges
                0x0000000000000840       0x20 USB_DEVICE/App/usb_device.o
 .debug_aranges
                0x0000000000000860       0x60 USB_DEVICE/App/usbd_desc.o
 .debug_aranges
                0x00000000000008c0      0x118 USB_DEVICE/Target/usbd_conf.o

.debug_ranges   0x0000000000000000      0x8a0
 .debug_ranges  0x0000000000000000       0x28 Core/Src/main.o
 .debug_ranges  0x0000000000000028       0x10 Core/Src/stm32f1xx_hal_msp.o
 .debug_ranges  0x0000000000000038       0x60 Core/Src/stm32f1xx_it.o
 .debug_ranges  0x0000000000000098       0x18 Core/Src/system_stm32f1xx.o
 .debug_ranges  0x00000000000000b0       0x40 Core/Src/usbd_midi.o
 .debug_ranges  0x00000000000000f0       0x38 Core/Src/usbd_midi_if.o
 .debug_ranges  0x0000000000000128       0x20 Core/Startup/startup_stm32f103c8tx.o
 .debug_ranges  0x0000000000000148       0xd0 Drivers/STM32F1xx_HAL_Driver/Src/stm32f1xx_hal.o
 .debug_ranges  0x0000000000000218       0xf0 Drivers/STM32F1xx_HAL_Driver/Src/stm32f1xx_hal_cortex.o
 .debug_ranges  0x0000000000000308      0x110 Drivers/STM32F1xx_HAL_Driver/Src/stm32f1xx_hal_pcd.o
 .debug_ranges  0x0000000000000418       0x28 Drivers/STM32F1xx_HAL_Driver/Src/stm32f1xx_hal_pcd_ex.o
 .debug_ranges  0x0000000000000440       0x80 Drivers/STM32F1xx_HAL_Driver/Src/stm32f1xx_hal_rcc.o
 .debug_ranges  0x00000000000004c0       0x20 Drivers/STM32F1xx_HAL_Driver/Src/stm32f1xx_hal_rcc_ex.o
 .debug_ranges  0x00000000000004e0       0xf8 Drivers/STM32F1xx_HAL_Driver/Src/stm32f1xx_ll_usb.o
 .debug_ranges  0x00000000000005d8       0xa8 Middlewares/ST/STM32_USB_Device_Library/Core/Src/usbd_core.o
 .debug_ranges  0x0000000000000680       0x78 Middlewares/ST/STM32_USB_Device_Library/Core/Src/usbd_ctlreq.o
 .debug_ranges  0x00000000000006f8       0x40 Middlewares/ST/STM32_USB_Device_Library/Core/Src/usbd_ioreq.o
 .debug_ranges  0x0000000000000738       0x10 USB_DEVICE/App/usb_device.o
 .debug_ranges  0x0000000000000748       0x50 USB_DEVICE/App/usbd_desc.o
 .debug_ranges  0x0000000000000798      0x108 USB_DEVICE/Target/usbd_conf.o

.debug_macro    0x0000000000000000    0x15f53
 .debug_macro   0x0000000000000000      0x3ea Core/Src/main.o
 .debug_macro   0x00000000000003ea      0xa5a Core/Src/main.o
 .debug_macro   0x0000000000000e44      0x215 Core/Src/main.o
 .debug_macro   0x0000000000001059       0x2e Core/Src/main.o
 .debug_macro   0x0000000000001087       0x22 Core/Src/main.o
 .debug_macro   0x00000000000010a9       0x22 Core/Src/main.o
 .debug_macro   0x00000000000010cb       0x8e Core/Src/main.o
 .debug_macro   0x0000000000001159       0x51 Core/Src/main.o
 .debug_macro   0x00000000000011aa       0xef Core/Src/main.o
 .debug_macro   0x0000000000001299       0x6a Core/Src/main.o
 .debug_macro   0x0000000000001303      0x1df Core/Src/main.o
 .debug_macro   0x00000000000014e2       0x1c Core/Src/main.o
 .debug_macro   0x00000000000014fe       0x22 Core/Src/main.o
 .debug_macro   0x0000000000001520       0xc3 Core/Src/main.o
 .debug_macro   0x00000000000015e3      0xd23 Core/Src/main.o
 .debug_macro   0x0000000000002306     0xe09e Core/Src/main.o
 .debug_macro   0x00000000000103a4       0x43 Core/Src/main.o
 .debug_macro   0x00000000000103e7      0x174 Core/Src/main.o
 .debug_macro   0x000000000001055b       0x5a Core/Src/main.o
 .debug_macro   0x00000000000105b5      0x5be Core/Src/main.o
 .debug_macro   0x0000000000010b73      0x289 Core/Src/main.o
 .debug_macro   0x0000000000010dfc      0x1cb Core/Src/main.o
 .debug_macro   0x0000000000010fc7      0x114 Core/Src/main.o
 .debug_macro   0x00000000000110db      0x1b2 Core/Src/main.o
 .debug_macro   0x000000000001128d       0x27 Core/Src/main.o
 .debug_macro   0x00000000000112b4      0x136 Core/Src/main.o
 .debug_macro   0x00000000000113ea      0x1bc Core/Src/main.o
 .debug_macro   0x00000000000115a6       0x34 Core/Src/main.o
 .debug_macro   0x00000000000115da       0x3c Core/Src/main.o
 .debug_macro   0x0000000000011616       0x57 Core/Src/main.o
 .debug_macro   0x000000000001166d       0x88 Core/Src/main.o
 .debug_macro   0x00000000000116f5      0x241 Core/Src/main.o
 .debug_macro   0x0000000000011936      0x141 Core/Src/main.o
 .debug_macro   0x0000000000011a77       0x65 Core/Src/main.o
 .debug_macro   0x0000000000011adc      0x249 Core/Src/main.o
 .debug_macro   0x0000000000011d25       0x83 Core/Src/main.o
 .debug_macro   0x0000000000011da8       0x46 Core/Src/main.o
 .debug_macro   0x0000000000011dee       0x18 Core/Src/main.o
 .debug_macro   0x0000000000011e06       0x3c Core/Src/main.o
 .debug_macro   0x0000000000011e42       0x34 Core/Src/main.o
 .debug_macro   0x0000000000011e76       0x16 Core/Src/main.o
 .debug_macro   0x0000000000011e8c       0x35 Core/Src/main.o
 .debug_macro   0x0000000000011ec1      0x32a Core/Src/main.o
 .debug_macro   0x00000000000121eb       0x10 Core/Src/main.o
 .debug_macro   0x00000000000121fb       0x52 Core/Src/main.o
 .debug_macro   0x000000000001224d       0x1f Core/Src/main.o
 .debug_macro   0x000000000001226c       0x43 Core/Src/main.o
 .debug_macro   0x00000000000122af       0x20 Core/Src/main.o
 .debug_macro   0x00000000000122cf      0x1a3 Core/Src/main.o
 .debug_macro   0x0000000000012472       0x10 Core/Src/main.o
 .debug_macro   0x0000000000012482       0x1c Core/Src/main.o
 .debug_macro   0x000000000001249e       0x52 Core/Src/main.o
 .debug_macro   0x00000000000124f0       0x40 Core/Src/main.o
 .debug_macro   0x0000000000012530       0x10 Core/Src/main.o
 .debug_macro   0x0000000000012540       0x40 Core/Src/main.o
 .debug_macro   0x0000000000012580       0xd7 Core/Src/main.o
 .debug_macro   0x0000000000012657       0x1c Core/Src/main.o
 .debug_macro   0x0000000000012673       0x3d Core/Src/main.o
 .debug_macro   0x00000000000126b0       0x16 Core/Src/main.o
 .debug_macro   0x00000000000126c6      0x145 Core/Src/main.o
 .debug_macro   0x000000000001280b       0x16 Core/Src/main.o
 .debug_macro   0x0000000000012821       0x16 Core/Src/main.o
 .debug_macro   0x0000000000012837       0x29 Core/Src/main.o
 .debug_macro   0x0000000000012860       0x16 Core/Src/main.o
 .debug_macro   0x0000000000012876       0x20 Core/Src/main.o
 .debug_macro   0x0000000000012896       0x60 Core/Src/main.o
 .debug_macro   0x00000000000128f6      0x1c8 Core/Src/main.o
 .debug_macro   0x0000000000012abe       0x22 Core/Src/main.o
 .debug_macro   0x0000000000012ae0       0x40 Core/Src/main.o
 .debug_macro   0x0000000000012b20       0x22 Core/Src/main.o
 .debug_macro   0x0000000000012b42      0x1a9 Core/Src/stm32f1xx_hal_msp.o
 .debug_macro   0x0000000000012ceb      0x1b3 Core/Src/stm32f1xx_it.o
 .debug_macro   0x0000000000012e9e      0x1a5 Core/Src/system_stm32f1xx.o
 .debug_macro   0x0000000000013043      0x3c9 Core/Src/usbd_midi.o
 .debug_macro   0x000000000001340c       0x97 Core/Src/usbd_midi.o
 .debug_macro   0x00000000000134a3       0xfd Core/Src/usbd_midi.o
 .debug_macro   0x00000000000135a0       0xbd Core/Src/usbd_midi.o
 .debug_macro   0x000000000001365d       0x54 Core/Src/usbd_midi.o
 .debug_macro   0x00000000000136b1       0x40 Core/Src/usbd_midi.o
 .debug_macro   0x00000000000136f1       0x1c Core/Src/usbd_midi.o
 .debug_macro   0x000000000001370d      0x3e1 Core/Src/usbd_midi_if.o
 .debug_macro   0x0000000000013aee       0x34 Core/Src/usbd_midi_if.o
 .debug_macro   0x0000000000013b22      0x1c3 Drivers/STM32F1xx_HAL_Driver/Src/stm32f1xx_hal.o
 .debug_macro   0x0000000000013ce5      0x19f Drivers/STM32F1xx_HAL_Driver/Src/stm32f1xx_hal_cortex.o
 .debug_macro   0x0000000000013e84      0x1ab Drivers/STM32F1xx_HAL_Driver/Src/stm32f1xx_hal_pcd.o
 .debug_macro   0x000000000001402f      0x19f Drivers/STM32F1xx_HAL_Driver/Src/stm32f1xx_hal_pcd_ex.o
 .debug_macro   0x00000000000141ce      0x1b1 Drivers/STM32F1xx_HAL_Driver/Src/stm32f1xx_hal_rcc.o
 .debug_macro   0x000000000001437f      0x19f Drivers/STM32F1xx_HAL_Driver/Src/stm32f1xx_hal_rcc_ex.o
 .debug_macro   0x000000000001451e      0x19f Drivers/STM32F1xx_HAL_Driver/Src/stm32f1xx_ll_usb.o
 .debug_macro   0x00000000000146bd      0x39d Middlewares/ST/STM32_USB_Device_Library/Core/Src/usbd_core.o
 .debug_macro   0x0000000000014a5a      0x1ce Middlewares/ST/STM32_USB_Device_Library/Core/Src/usbd_core.o
 .debug_macro   0x0000000000014c28      0x3a7 Middlewares/ST/STM32_USB_Device_Library/Core/Src/usbd_ctlreq.o
 .debug_macro   0x0000000000014fcf      0x3a3 Middlewares/ST/STM32_USB_Device_Library/Core/Src/usbd_ioreq.o
 .debug_macro   0x0000000000015372      0x401 USB_DEVICE/App/usb_device.o
 .debug_macro   0x0000000000015773       0x46 USB_DEVICE/App/usb_device.o
 .debug_macro   0x00000000000157b9      0x3da USB_DEVICE/App/usbd_desc.o
 .debug_macro   0x0000000000015b93      0x3c0 USB_DEVICE/Target/usbd_conf.o

.debug_line     0x0000000000000000     0xae37
 .debug_line    0x0000000000000000      0x9c7 Core/Src/main.o
 .debug_line    0x00000000000009c7      0x635 Core/Src/stm32f1xx_hal_msp.o
 .debug_line    0x0000000000000ffc      0x6fc Core/Src/stm32f1xx_it.o
 .debug_line    0x00000000000016f8      0x665 Core/Src/system_stm32f1xx.o
 .debug_line    0x0000000000001d5d      0x9ad Core/Src/usbd_midi.o
 .debug_line    0x000000000000270a      0x9e3 Core/Src/usbd_midi_if.o
 .debug_line    0x00000000000030ed       0x84 Core/Startup/startup_stm32f103c8tx.o
 .debug_line    0x0000000000003171      0x80d Drivers/STM32F1xx_HAL_Driver/Src/stm32f1xx_hal.o
 .debug_line    0x000000000000397e      0x8e6 Drivers/STM32F1xx_HAL_Driver/Src/stm32f1xx_hal_cortex.o
 .debug_line    0x0000000000004264      0xb00 Drivers/STM32F1xx_HAL_Driver/Src/stm32f1xx_hal_pcd.o
 .debug_line    0x0000000000004d64      0x680 Drivers/STM32F1xx_HAL_Driver/Src/stm32f1xx_hal_pcd_ex.o
 .debug_line    0x00000000000053e4      0x8cf Drivers/STM32F1xx_HAL_Driver/Src/stm32f1xx_hal_rcc.o
 .debug_line    0x0000000000005cb3      0x6ed Drivers/STM32F1xx_HAL_Driver/Src/stm32f1xx_hal_rcc_ex.o
 .debug_line    0x00000000000063a0      0xb19 Drivers/STM32F1xx_HAL_Driver/Src/stm32f1xx_ll_usb.o
 .debug_line    0x0000000000006eb9      0xb26 Middlewares/ST/STM32_USB_Device_Library/Core/Src/usbd_core.o
 .debug_line    0x00000000000079df      0xbaf Middlewares/ST/STM32_USB_Device_Library/Core/Src/usbd_ctlreq.o
 .debug_line    0x000000000000858e      0x98f Middlewares/ST/STM32_USB_Device_Library/Core/Src/usbd_ioreq.o
 .debug_line    0x0000000000008f1d      0x9a5 USB_DEVICE/App/usb_device.o
 .debug_line    0x00000000000098c2      0x9c3 USB_DEVICE/App/usbd_desc.o
 .debug_line    0x000000000000a285      0xbb2 USB_DEVICE/Target/usbd_conf.o

.debug_str      0x0000000000000000    0x6cf89
 .debug_str     0x0000000000000000    0x6a720 Core/Src/main.o
                                      0x6ab02 (size before relaxing)
 .debug_str     0x000000000006a720       0x5a Core/Src/stm32f1xx_hal_msp.o
                                      0x656c5 (size before relaxing)
 .debug_str     0x000000000006a77a      0x3bc Core/Src/stm32f1xx_it.o
                                      0x65a69 (size before relaxing)
 .debug_str     0x000000000006ab36       0xc2 Core/Src/system_stm32f1xx.o
                                      0x6572c (size before relaxing)
 .debug_str     0x000000000006abf8      0x13b Core/Src/usbd_midi.o
                                      0x6ac6d (size before relaxing)
 .debug_str     0x000000000006ad33      0x15c Core/Src/usbd_midi_if.o
                                      0x6aa30 (size before relaxing)
 .debug_str     0x000000000006ae8f       0x36 Core/Startup/startup_stm32f103c8tx.o
                                         0x74 (size before relaxing)
 .debug_str     0x000000000006aec5      0x61f Drivers/STM32F1xx_HAL_Driver/Src/stm32f1xx_hal.o
                                      0x65d3d (size before relaxing)
 .debug_str     0x000000000006b4e4      0x2a0 Drivers/STM32F1xx_HAL_Driver/Src/stm32f1xx_hal_cortex.o
                                      0x65d4b (size before relaxing)
 .debug_str     0x000000000006b784      0x3a9 Drivers/STM32F1xx_HAL_Driver/Src/stm32f1xx_hal_pcd.o
                                      0x65d5d (size before relaxing)
 .debug_str     0x000000000006bb2d      0x18d Drivers/STM32F1xx_HAL_Driver/Src/stm32f1xx_hal_pcd_ex.o
                                      0x65b39 (size before relaxing)
 .debug_str     0x000000000006bcba      0x290 Drivers/STM32F1xx_HAL_Driver/Src/stm32f1xx_hal_rcc.o
                                      0x65aaf (size before relaxing)
 .debug_str     0x000000000006bf4a       0xb9 Drivers/STM32F1xx_HAL_Driver/Src/stm32f1xx_hal_rcc_ex.o
                                      0x6583c (size before relaxing)
 .debug_str     0x000000000006c003      0x309 Drivers/STM32F1xx_HAL_Driver/Src/stm32f1xx_ll_usb.o
                                      0x65ba3 (size before relaxing)
 .debug_str     0x000000000006c30c      0x1b5 Middlewares/ST/STM32_USB_Device_Library/Core/Src/usbd_core.o
                                      0x6a7b5 (size before relaxing)
 .debug_str     0x000000000006c4c1      0x134 Middlewares/ST/STM32_USB_Device_Library/Core/Src/usbd_ctlreq.o
                                      0x6a73b (size before relaxing)
 .debug_str     0x000000000006c5f5       0xc9 Middlewares/ST/STM32_USB_Device_Library/Core/Src/usbd_ioreq.o
                                      0x6a6c3 (size before relaxing)
 .debug_str     0x000000000006c6be      0x526 USB_DEVICE/App/usb_device.o
                                      0x6ae15 (size before relaxing)
 .debug_str     0x000000000006cbe4      0x251 USB_DEVICE/App/usbd_desc.o
                                      0x6a627 (size before relaxing)
 .debug_str     0x000000000006ce35      0x154 USB_DEVICE/Target/usbd_conf.o
                                      0x6b473 (size before relaxing)

.comment        0x0000000000000000       0x7b
 .comment       0x0000000000000000       0x7b Core/Src/main.o
                                         0x7c (size before relaxing)
 .comment       0x000000000000007b       0x7c Core/Src/stm32f1xx_hal_msp.o
 .comment       0x000000000000007b       0x7c Core/Src/stm32f1xx_it.o
 .comment       0x000000000000007b       0x7c Core/Src/system_stm32f1xx.o
 .comment       0x000000000000007b       0x7c Core/Src/usbd_midi.o
 .comment       0x000000000000007b       0x7c Core/Src/usbd_midi_if.o
 .comment       0x000000000000007b       0x7c Drivers/STM32F1xx_HAL_Driver/Src/stm32f1xx_hal.o
 .comment       0x000000000000007b       0x7c Drivers/STM32F1xx_HAL_Driver/Src/stm32f1xx_hal_cortex.o
 .comment       0x000000000000007b       0x7c Drivers/STM32F1xx_HAL_Driver/Src/stm32f1xx_hal_pcd.o
 .comment       0x000000000000007b       0x7c Drivers/STM32F1xx_HAL_Driver/Src/stm32f1xx_hal_pcd_ex.o
 .comment       0x000000000000007b       0x7c Drivers/STM32F1xx_HAL_Driver/Src/stm32f1xx_hal_rcc.o
 .comment       0x000000000000007b       0x7c Drivers/STM32F1xx_HAL_Driver/Src/stm32f1xx_hal_rcc_ex.o
 .comment       0x000000000000007b       0x7c Drivers/STM32F1xx_HAL_Driver/Src/stm32f1xx_ll_usb.o
 .comment       0x000000000000007b       0x7c Middlewares/ST/STM32_USB_Device_Library/Core/Src/usbd_core.o
 .comment       0x000000000000007b       0x7c Middlewares/ST/STM32_USB_Device_Library/Core/Src/usbd_ctlreq.o
 .comment       0x000000000000007b       0x7c Middlewares/ST/STM32_USB_Device_Library/Core/Src/usbd_ioreq.o
 .comment       0x000000000000007b       0x7c USB_DEVICE/App/usb_device.o
 .comment       0x000000000000007b       0x7c USB_DEVICE/App/usbd_desc.o
 .comment       0x000000000000007b       0x7c USB_DEVICE/Target/usbd_conf.o

.debug_frame    0x0000000000000000     0x25a0
 .debug_frame   0x0000000000000000       0x9c Core/Src/main.o
 .debug_frame   0x000000000000009c       0x38 Core/Src/stm32f1xx_hal_msp.o
 .debug_frame   0x00000000000000d4      0x144 Core/Src/stm32f1xx_it.o
 .debug_frame   0x0000000000000218       0x58 Core/Src/system_stm32f1xx.o
 .debug_frame   0x0000000000000270      0x118 Core/Src/usbd_midi.o
 .debug_frame   0x0000000000000388       0xf4 Core/Src/usbd_midi_if.o
 .debug_frame   0x000000000000047c      0x334 Drivers/STM32F1xx_HAL_Driver/Src/stm32f1xx_hal.o
 .debug_frame   0x00000000000007b0      0x428 Drivers/STM32F1xx_HAL_Driver/Src/stm32f1xx_hal_cortex.o
 .debug_frame   0x0000000000000bd8      0x500 Drivers/STM32F1xx_HAL_Driver/Src/stm32f1xx_hal_pcd.o
 .debug_frame   0x00000000000010d8       0xb0 Drivers/STM32F1xx_HAL_Driver/Src/stm32f1xx_hal_pcd_ex.o
 .debug_frame   0x0000000000001188      0x21c Drivers/STM32F1xx_HAL_Driver/Src/stm32f1xx_hal_rcc.o
 .debug_frame   0x00000000000013a4       0x84 Drivers/STM32F1xx_HAL_Driver/Src/stm32f1xx_hal_rcc_ex.o
 .debug_frame   0x0000000000001428      0x4d8 Drivers/STM32F1xx_HAL_Driver/Src/stm32f1xx_ll_usb.o
 .debug_frame   0x0000000000001900      0x300 Middlewares/ST/STM32_USB_Device_Library/Core/Src/usbd_core.o
 .debug_frame   0x0000000000001c00      0x218 Middlewares/ST/STM32_USB_Device_Library/Core/Src/usbd_ctlreq.o
 .debug_frame   0x0000000000001e18      0x10c Middlewares/ST/STM32_USB_Device_Library/Core/Src/usbd_ioreq.o
 .debug_frame   0x0000000000001f24       0x2c USB_DEVICE/App/usb_device.o
 .debug_frame   0x0000000000001f50      0x160 USB_DEVICE/App/usbd_desc.o
 .debug_frame   0x00000000000020b0      0x4a4 USB_DEVICE/Target/usbd_conf.o
 .debug_frame   0x0000000000002554       0x2c c:/st/stm32cubeide_1.0.2/stm32cubeide/plugins/com.st.stm32cube.ide.mcu.externaltools.gnu-tools-for-stm32.7-2018-q2-update.win32_1.4.0.202007081208/tools/bin/../lib/gcc/arm-none-eabi/7.3.1/../../../../arm-none-eabi/lib/thumb/v7-m\libc_nano.a(lib_a-init.o)
 .debug_frame   0x0000000000002580       0x20 c:/st/stm32cubeide_1.0.2/stm32cubeide/plugins/com.st.stm32cube.ide.mcu.externaltools.gnu-tools-for-stm32.7-2018-q2-update.win32_1.4.0.202007081208/tools/bin/../lib/gcc/arm-none-eabi/7.3.1/../../../../arm-none-eabi/lib/thumb/v7-m\libc_nano.a(lib_a-memset.o)
